> Task :app:clean
> Task :app:preBuild UP-TO-DATE
> Task :app:preDebugBuild UP-TO-DATE
> Task :app:mergeDebugNativeDebugMetadata NO-SOURCE
> Task :app:generateDebugResources
> Task :app:packageDebugResources
> Task :app:processDebugNavigationResources
> Task :app:generateDebugAssets UP-TO-DATE
> Task :app:javaPreCompileDebug
> Task :app:parseDebugLocalResources
> Task :app:mergeDebugAssets
> Task :app:compressDebugAssets
> Task :app:generateDebugRFile
> Task :app:checkDebugDuplicateClasses
> Task :app:desugarDebugFileDependencies
> Task :app:checkDebugAarMetadata
> Task :app:compileDebugNavigationResources
> Task :app:mergeLibDexDebug
> Task :app:mapDebugSourceSetPaths
> Task :app:createDebugCompatibleScreenManifests
> Task :app:extractDeepLinksDebug

> Task :app:compileDebugKotlin FAILED
.\gradlew.bat : e: file:///C:/Users/ZTT_o/AndroidStudioProjects/FrenchGrammar/app/src/main/java/com/zttothers/frenchgrammar/data/local/InMemorySto
re.kt:12:33 Unresolved reference 'MutableMapOf'.
At line:1 char:56
+ ... nchGrammar; .\gradlew.bat clean build --warning-mode all 2>&1 | Out-F ...
+                 ~~~~~~~~~~~~~~~~~~~~~~~~~~~~~~~~~~~~~~~~~~~~~~~~~
    + CategoryInfo          : NotSpecified: (e: file:///C:/U...'MutableMapOf'.:String) [], RemoteException
    + FullyQualifiedErrorId : NativeCommandError
 
e: file:///C:/Users/ZTT_o/AndroidStudioProjects/FrenchGrammar/app/src/main/java/com/zttothers/frenchgrammar/data/local/InMemoryStore.kt:28:64 Unre
solved reference 'it'.
e: file:///C:/Users/ZTT_o/AndroidStudioProjects/FrenchGrammar/app/src/main/java/com/zttothers/frenchgrammar/data/local/InMemoryStore.kt:29:64 Unre
solved reference 'it'.
e: file:///C:/Users/ZTT_o/AndroidStudioProjects/FrenchGrammar/app/src/main/java/com/zttothers/frenchgrammar/data/local/InMemoryStore.kt:30:59 Unre
solved reference 'it'.
e: file:///C:/Users/ZTT_o/AndroidStudioProjects/FrenchGrammar/app/src/main/java/com/zttothers/frenchgrammar/ui/screens/HomeScreen.kt:44:13 This ma
terial API is experimental and is likely to change or to be removed in the future.
e: file:///C:/Users/ZTT_o/AndroidStudioProjects/FrenchGrammar/app/src/main/java/com/zttothers/frenchgrammar/ui/screens/HomeScreen.kt:145:13 This m
aterial API is experimental and is likely to change or to be removed in the future.
e: file:///C:/Users/ZTT_o/AndroidStudioProjects/FrenchGrammar/app/src/main/java/com/zttothers/frenchgrammar/ui/screens/LearningScreen.kt:45:17 Thi
s material API is experimental and is likely to change or to be removed in the future.
e: file:///C:/Users/ZTT_o/AndroidStudioProjects/FrenchGrammar/app/src/main/java/com/zttothers/frenchgrammar/ui/screens/LearningScreen.kt:72:13 Thi
s material API is experimental and is likely to change or to be removed in the future.
e: file:///C:/Users/ZTT_o/AndroidStudioProjects/FrenchGrammar/app/src/main/java/com/zttothers/frenchgrammar/ui/screens/LearningScreen.kt:182:13 Th
is material API is experimental and is likely to change or to be removed in the future.

> Task :app:mergeDebugResources
> Task :app:processDebugMainManifest
> Task :app:mergeExtDexDebug

FAILURE: Build failed with an exception.

* What went wrong:
Execution failed for task ':app:compileDebugKotlin'.
> A failure occurred while executing org.jetbrains.kotlin.compilerRunner.GradleCompilerRunnerWithWorkers$GradleKotlinCompilerWorkAction
   > Compilation error. See log for more details

* Try:
> Run with --stacktrace option to get the stack trace.
> Run with --info or --debug option to get more log output.
> Run with --scan to generate a Build Scan (powered by Develocity).
> Get more help at https://help.gradle.org.

BUILD FAILED in 4s
21 actionable tasks: 21 executed
